// Jest Snapshot v1, https://goo.gl/fbAQLP

exports[`Layout renders correctly 1`] = `
<DocumentFragment>
  <header>
    <h1>
      AudioC0RE - headphones sharing
    </h1>
    <nav>
      <ul>
        <li
          style="padding: 15px 0px;"
        >
          <a
            aria-label="Open Home page"
            href="/home"
          >
            Home
          </a>
        </li>
        <li
          style="padding: 15px 0px;"
        >
          <a
            aria-label="Open About page"
            href="/about"
          >
            About
          </a>
        </li>
        <li
          style="padding: 15px 0px;"
        >
          <a
            aria-label="Open Location page"
            href="/location"
          >
            Locations:
          </a>
        </li>
        <li>
          <ul>
            <li
              style="padding: 15px 0px;"
            >
              <a
                aria-label="Open Cape Town location page"
                href="/location/cape-town"
              >
                Cape Town
              </a>
            </li>
            <li
              style="padding: 15px 0px;"
            >
              <a
                aria-label="Open London location page"
                href="/location/london"
              >
                London
              </a>
            </li>
            <li
              style="padding: 15px 0px;"
            >
              <a
                aria-label="Open Rio de Janeiro location page"
                href="/location/rio-de-janeiro"
              >
                Rio de Janeiro
              </a>
            </li>
          </ul>
        </li>
      </ul>
    </nav>
  </header>
  <h1>
    Test heading
  </h1>
  <p>
    Test body
  </p>
  <footer>
    Page created by 
    <a
      aria-label="Open Rodney Lab contact page"
      class="chakra-link css-0"
      href="https://rodneylab.com/contact"
      rel="noopener"
    >
      Rodney Lab 
      <svg
        class="chakra-icon css-onkibi"
        focusable="false"
        viewBox="0 0 24 24"
      >
        <g
          fill="none"
          stroke="currentColor"
          stroke-linecap="round"
          stroke-width="2"
        >
          <path
            d="M18 13v6a2 2 0 0 1-2 2H5a2 2 0 0 1-2-2V8a2 2 0 0 1 2-2h6"
          />
          <path
            d="M15 3h6v6"
          />
          <path
            d="M10 14L21 3"
          />
        </g>
      </svg>
    </a>
     as part of 
    <a
      aria-label="Open Rodney Lab contact page"
      class="chakra-link css-0"
      href="https://rodneylab.com/100-days-of-gatsby-code-2021/"
      rel="noopener"
    >
      100 Days of Gatsby Code 2021 
      <svg
        class="chakra-icon css-onkibi"
        focusable="false"
        viewBox="0 0 24 24"
      >
        <g
          fill="none"
          stroke="currentColor"
          stroke-linecap="round"
          stroke-width="2"
        >
          <path
            d="M18 13v6a2 2 0 0 1-2 2H5a2 2 0 0 1-2-2V8a2 2 0 0 1 2-2h6"
          />
          <path
            d="M15 3h6v6"
          />
          <path
            d="M10 14L21 3"
          />
        </g>
      </svg>
    </a>
    .
  </footer>
</DocumentFragment>
`;
